// Jest Snapshot v1, https://goo.gl/fbAQLP

exports[`should render LoginPage correctly 1`] = `
<div
  className="box-layout"
>
  <div
    className="box-layout__box"
  >
    <h1
      className="box-layout__title"
    >
      Boilerplate
    </h1>
    <p>
      Welcome message goes here.
    </p>
    <button
      className="box-layout__button"
      onClick={[MockFunction]}
    >
      Log In with Google
    </button>
  </div>
</div>
`;
