// Jest Snapshot v1, https://goo.gl/fbAQLP

exports[`should render NotFoundPage correctly 1`] = `
<div>
  <p>
    It's a 404 page!
  </p>
  <p>
    <Link
      replace={false}
      to="/"
    >
      Go home
    </Link>
  </p>
</div>
`;
